------------------------------------------------------------
TimeQuest Timing Analyzer Summary
------------------------------------------------------------

Type  : Slow 1100mV 85C Model Setup 'KEY[1]'
Slack : -17.055
TNS   : -1355.805

Type  : Slow 1100mV 85C Model Setup 'proc:ex0|Tstep_Q[2]'
Slack : -8.206
TNS   : -16.410

Type  : Slow 1100mV 85C Model Setup 'KEY[0]'
Slack : -0.944
TNS   : -7.367

Type  : Slow 1100mV 85C Model Hold 'KEY[1]'
Slack : -7.045
TNS   : -180.211

Type  : Slow 1100mV 85C Model Hold 'KEY[0]'
Slack : 0.226
TNS   : 0.000

Type  : Slow 1100mV 85C Model Hold 'proc:ex0|Tstep_Q[2]'
Slack : 4.818
TNS   : 0.000

Type  : Slow 1100mV 85C Model Minimum Pulse Width 'KEY[0]'
Slack : -2.174
TNS   : -28.265

Type  : Slow 1100mV 85C Model Minimum Pulse Width 'KEY[1]'
Slack : -0.394
TNS   : -63.930

Type  : Slow 1100mV 85C Model Minimum Pulse Width 'proc:ex0|Tstep_Q[2]'
Slack : 0.432
TNS   : 0.000

Type  : Slow 1100mV 0C Model Setup 'KEY[1]'
Slack : -16.661
TNS   : -1320.603

Type  : Slow 1100mV 0C Model Setup 'proc:ex0|Tstep_Q[2]'
Slack : -8.080
TNS   : -16.136

Type  : Slow 1100mV 0C Model Setup 'KEY[0]'
Slack : -0.885
TNS   : -6.828

Type  : Slow 1100mV 0C Model Hold 'KEY[1]'
Slack : -6.892
TNS   : -185.505

Type  : Slow 1100mV 0C Model Hold 'KEY[0]'
Slack : 0.294
TNS   : 0.000

Type  : Slow 1100mV 0C Model Hold 'proc:ex0|Tstep_Q[2]'
Slack : 4.708
TNS   : 0.000

Type  : Slow 1100mV 0C Model Minimum Pulse Width 'KEY[0]'
Slack : -2.174
TNS   : -28.836

Type  : Slow 1100mV 0C Model Minimum Pulse Width 'KEY[1]'
Slack : -0.394
TNS   : -59.714

Type  : Slow 1100mV 0C Model Minimum Pulse Width 'proc:ex0|Tstep_Q[2]'
Slack : 0.439
TNS   : 0.000

Type  : Fast 1100mV 85C Model Setup 'KEY[1]'
Slack : -10.358
TNS   : -830.337

Type  : Fast 1100mV 85C Model Setup 'proc:ex0|Tstep_Q[2]'
Slack : -4.060
TNS   : -8.065

Type  : Fast 1100mV 85C Model Setup 'KEY[0]'
Slack : -0.808
TNS   : -3.898

Type  : Fast 1100mV 85C Model Hold 'KEY[1]'
Slack : -3.924
TNS   : -66.665

Type  : Fast 1100mV 85C Model Hold 'KEY[0]'
Slack : 0.142
TNS   : 0.000

Type  : Fast 1100mV 85C Model Hold 'proc:ex0|Tstep_Q[2]'
Slack : 2.706
TNS   : 0.000

Type  : Fast 1100mV 85C Model Minimum Pulse Width 'KEY[0]'
Slack : -2.174
TNS   : -30.065

Type  : Fast 1100mV 85C Model Minimum Pulse Width 'KEY[1]'
Slack : -0.327
TNS   : -30.265

Type  : Fast 1100mV 85C Model Minimum Pulse Width 'proc:ex0|Tstep_Q[2]'
Slack : 0.406
TNS   : 0.000

Type  : Fast 1100mV 0C Model Setup 'KEY[1]'
Slack : -9.138
TNS   : -727.645

Type  : Fast 1100mV 0C Model Setup 'proc:ex0|Tstep_Q[2]'
Slack : -3.876
TNS   : -7.716

Type  : Fast 1100mV 0C Model Setup 'KEY[0]'
Slack : -0.739
TNS   : -3.548

Type  : Fast 1100mV 0C Model Hold 'KEY[1]'
Slack : -3.823
TNS   : -82.287

Type  : Fast 1100mV 0C Model Hold 'KEY[0]'
Slack : 0.148
TNS   : 0.000

Type  : Fast 1100mV 0C Model Hold 'proc:ex0|Tstep_Q[2]'
Slack : 2.588
TNS   : 0.000

Type  : Fast 1100mV 0C Model Minimum Pulse Width 'KEY[0]'
Slack : -2.174
TNS   : -29.684

Type  : Fast 1100mV 0C Model Minimum Pulse Width 'KEY[1]'
Slack : -0.311
TNS   : -28.764

Type  : Fast 1100mV 0C Model Minimum Pulse Width 'proc:ex0|Tstep_Q[2]'
Slack : 0.425
TNS   : 0.000

------------------------------------------------------------
