------------------------------------------------------------
TimeQuest Timing Analyzer Summary
------------------------------------------------------------

Type  : Slow 1100mV 85C Model Setup 'CLOCK_50[0]'
Slack : -2.286
TNS   : -69.383

Type  : Slow 1100mV 85C Model Hold 'CLOCK_50[0]'
Slack : 0.328
TNS   : 0.000

Type  : Slow 1100mV 85C Model Minimum Pulse Width 'CLOCK_50[0]'
Slack : -0.394
TNS   : -16.895

Type  : Slow 1100mV 0C Model Setup 'CLOCK_50[0]'
Slack : -2.339
TNS   : -68.217

Type  : Slow 1100mV 0C Model Hold 'CLOCK_50[0]'
Slack : 0.309
TNS   : 0.000

Type  : Slow 1100mV 0C Model Minimum Pulse Width 'CLOCK_50[0]'
Slack : -0.394
TNS   : -17.902

Type  : Fast 1100mV 85C Model Setup 'CLOCK_50[0]'
Slack : -0.843
TNS   : -24.577

Type  : Fast 1100mV 85C Model Hold 'CLOCK_50[0]'
Slack : 0.180
TNS   : 0.000

Type  : Fast 1100mV 85C Model Minimum Pulse Width 'CLOCK_50[0]'
Slack : -0.090
TNS   : -2.800

Type  : Fast 1100mV 0C Model Setup 'CLOCK_50[0]'
Slack : -0.706
TNS   : -20.345

Type  : Fast 1100mV 0C Model Hold 'CLOCK_50[0]'
Slack : 0.175
TNS   : 0.000

Type  : Fast 1100mV 0C Model Minimum Pulse Width 'CLOCK_50[0]'
Slack : -0.089
TNS   : -2.780

------------------------------------------------------------
