------------------------------------------------------------
TimeQuest Timing Analyzer Summary
------------------------------------------------------------

Type  : Slow 1100mV 85C Model Setup 'CLOCK_50'
Slack : -4.434
TNS   : -750.627

Type  : Slow 1100mV 85C Model Setup 'delay:ex10|counter_mod_M:count1|Q[0]'
Slack : -0.793
TNS   : -0.793

Type  : Slow 1100mV 85C Model Setup 'delay:ex11|counter_mod_M:count1|Q[0]'
Slack : -0.774
TNS   : -0.774

Type  : Slow 1100mV 85C Model Setup 'delay:ex15|counter_mod_M:count1|Q[0]'
Slack : -0.762
TNS   : -0.762

Type  : Slow 1100mV 85C Model Setup 'delay:ex16|counter_mod_M:count1|Q[0]'
Slack : -0.751
TNS   : -1.499

Type  : Slow 1100mV 85C Model Setup 'delay:ex14|counter_mod_M:count1|Q[0]'
Slack : -0.726
TNS   : -0.726

Type  : Slow 1100mV 85C Model Setup 'delay:ex12|counter_mod_M:count1|Q[0]'
Slack : -0.695
TNS   : -0.695

Type  : Slow 1100mV 85C Model Setup 'delay:ex13|counter_mod_M:count1|Q[0]'
Slack : -0.689
TNS   : -0.689

Type  : Slow 1100mV 85C Model Setup 'delay:ex17|counter_mod_M:count1|Q[0]'
Slack : -0.614
TNS   : -1.224

Type  : Slow 1100mV 85C Model Hold 'delay:ex14|counter_mod_M:count1|Q[0]'
Slack : 0.139
TNS   : 0.000

Type  : Slow 1100mV 85C Model Hold 'delay:ex10|counter_mod_M:count1|Q[0]'
Slack : 0.149
TNS   : 0.000

Type  : Slow 1100mV 85C Model Hold 'delay:ex11|counter_mod_M:count1|Q[0]'
Slack : 0.159
TNS   : 0.000

Type  : Slow 1100mV 85C Model Hold 'delay:ex17|counter_mod_M:count1|Q[0]'
Slack : 0.269
TNS   : 0.000

Type  : Slow 1100mV 85C Model Hold 'delay:ex13|counter_mod_M:count1|Q[0]'
Slack : 0.278
TNS   : 0.000

Type  : Slow 1100mV 85C Model Hold 'delay:ex12|counter_mod_M:count1|Q[0]'
Slack : 0.285
TNS   : 0.000

Type  : Slow 1100mV 85C Model Hold 'CLOCK_50'
Slack : 0.403
TNS   : 0.000

Type  : Slow 1100mV 85C Model Hold 'delay:ex16|counter_mod_M:count1|Q[0]'
Slack : 0.403
TNS   : 0.000

Type  : Slow 1100mV 85C Model Hold 'delay:ex15|counter_mod_M:count1|Q[0]'
Slack : 0.408
TNS   : 0.000

Type  : Slow 1100mV 85C Model Minimum Pulse Width 'CLOCK_50'
Slack : -0.449
TNS   : -158.939

Type  : Slow 1100mV 85C Model Minimum Pulse Width 'delay:ex17|counter_mod_M:count1|Q[0]'
Slack : -0.394
TNS   : -1.221

Type  : Slow 1100mV 85C Model Minimum Pulse Width 'delay:ex16|counter_mod_M:count1|Q[0]'
Slack : -0.394
TNS   : -1.075

Type  : Slow 1100mV 85C Model Minimum Pulse Width 'delay:ex10|counter_mod_M:count1|Q[0]'
Slack : -0.394
TNS   : -0.540

Type  : Slow 1100mV 85C Model Minimum Pulse Width 'delay:ex14|counter_mod_M:count1|Q[0]'
Slack : -0.394
TNS   : -0.534

Type  : Slow 1100mV 85C Model Minimum Pulse Width 'delay:ex11|counter_mod_M:count1|Q[0]'
Slack : -0.394
TNS   : -0.533

Type  : Slow 1100mV 85C Model Minimum Pulse Width 'delay:ex12|counter_mod_M:count1|Q[0]'
Slack : -0.394
TNS   : -0.518

Type  : Slow 1100mV 85C Model Minimum Pulse Width 'delay:ex13|counter_mod_M:count1|Q[0]'
Slack : -0.394
TNS   : -0.517

Type  : Slow 1100mV 85C Model Minimum Pulse Width 'delay:ex15|counter_mod_M:count1|Q[0]'
Slack : -0.394
TNS   : -0.514

Type  : Slow 1100mV 0C Model Setup 'CLOCK_50'
Slack : -4.515
TNS   : -735.399

Type  : Slow 1100mV 0C Model Setup 'delay:ex15|counter_mod_M:count1|Q[0]'
Slack : -0.712
TNS   : -0.712

Type  : Slow 1100mV 0C Model Setup 'delay:ex16|counter_mod_M:count1|Q[0]'
Slack : -0.702
TNS   : -1.400

Type  : Slow 1100mV 0C Model Setup 'delay:ex10|counter_mod_M:count1|Q[0]'
Slack : -0.686
TNS   : -0.686

Type  : Slow 1100mV 0C Model Setup 'delay:ex11|counter_mod_M:count1|Q[0]'
Slack : -0.684
TNS   : -0.684

Type  : Slow 1100mV 0C Model Setup 'delay:ex14|counter_mod_M:count1|Q[0]'
Slack : -0.644
TNS   : -0.644

Type  : Slow 1100mV 0C Model Setup 'delay:ex13|counter_mod_M:count1|Q[0]'
Slack : -0.607
TNS   : -0.607

Type  : Slow 1100mV 0C Model Setup 'delay:ex12|counter_mod_M:count1|Q[0]'
Slack : -0.605
TNS   : -0.605

Type  : Slow 1100mV 0C Model Setup 'delay:ex17|counter_mod_M:count1|Q[0]'
Slack : -0.539
TNS   : -1.073

Type  : Slow 1100mV 0C Model Hold 'delay:ex14|counter_mod_M:count1|Q[0]'
Slack : 0.160
TNS   : 0.000

Type  : Slow 1100mV 0C Model Hold 'delay:ex11|counter_mod_M:count1|Q[0]'
Slack : 0.170
TNS   : 0.000

Type  : Slow 1100mV 0C Model Hold 'delay:ex10|counter_mod_M:count1|Q[0]'
Slack : 0.177
TNS   : 0.000

Type  : Slow 1100mV 0C Model Hold 'delay:ex17|counter_mod_M:count1|Q[0]'
Slack : 0.281
TNS   : 0.000

Type  : Slow 1100mV 0C Model Hold 'delay:ex13|counter_mod_M:count1|Q[0]'
Slack : 0.296
TNS   : 0.000

Type  : Slow 1100mV 0C Model Hold 'delay:ex12|counter_mod_M:count1|Q[0]'
Slack : 0.300
TNS   : 0.000

Type  : Slow 1100mV 0C Model Hold 'CLOCK_50'
Slack : 0.397
TNS   : 0.000

Type  : Slow 1100mV 0C Model Hold 'delay:ex16|counter_mod_M:count1|Q[0]'
Slack : 0.438
TNS   : 0.000

Type  : Slow 1100mV 0C Model Hold 'delay:ex15|counter_mod_M:count1|Q[0]'
Slack : 0.439
TNS   : 0.000

Type  : Slow 1100mV 0C Model Minimum Pulse Width 'CLOCK_50'
Slack : -0.469
TNS   : -172.709

Type  : Slow 1100mV 0C Model Minimum Pulse Width 'delay:ex17|counter_mod_M:count1|Q[0]'
Slack : -0.394
TNS   : -1.098

Type  : Slow 1100mV 0C Model Minimum Pulse Width 'delay:ex16|counter_mod_M:count1|Q[0]'
Slack : -0.394
TNS   : -1.033

Type  : Slow 1100mV 0C Model Minimum Pulse Width 'delay:ex12|counter_mod_M:count1|Q[0]'
Slack : -0.394
TNS   : -0.573

Type  : Slow 1100mV 0C Model Minimum Pulse Width 'delay:ex13|counter_mod_M:count1|Q[0]'
Slack : -0.394
TNS   : -0.568

Type  : Slow 1100mV 0C Model Minimum Pulse Width 'delay:ex11|counter_mod_M:count1|Q[0]'
Slack : -0.394
TNS   : -0.532

Type  : Slow 1100mV 0C Model Minimum Pulse Width 'delay:ex14|counter_mod_M:count1|Q[0]'
Slack : -0.394
TNS   : -0.530

Type  : Slow 1100mV 0C Model Minimum Pulse Width 'delay:ex10|counter_mod_M:count1|Q[0]'
Slack : -0.394
TNS   : -0.527

Type  : Slow 1100mV 0C Model Minimum Pulse Width 'delay:ex15|counter_mod_M:count1|Q[0]'
Slack : -0.394
TNS   : -0.515

Type  : Fast 1100mV 85C Model Setup 'CLOCK_50'
Slack : -2.932
TNS   : -337.370

Type  : Fast 1100mV 85C Model Setup 'delay:ex10|counter_mod_M:count1|Q[0]'
Slack : -0.214
TNS   : -0.214

Type  : Fast 1100mV 85C Model Setup 'delay:ex11|counter_mod_M:count1|Q[0]'
Slack : -0.185
TNS   : -0.185

Type  : Fast 1100mV 85C Model Setup 'delay:ex14|counter_mod_M:count1|Q[0]'
Slack : -0.141
TNS   : -0.141

Type  : Fast 1100mV 85C Model Setup 'delay:ex15|counter_mod_M:count1|Q[0]'
Slack : -0.138
TNS   : -0.138

Type  : Fast 1100mV 85C Model Setup 'delay:ex16|counter_mod_M:count1|Q[0]'
Slack : -0.128
TNS   : -0.255

Type  : Fast 1100mV 85C Model Setup 'delay:ex12|counter_mod_M:count1|Q[0]'
Slack : -0.125
TNS   : -0.125

Type  : Fast 1100mV 85C Model Setup 'delay:ex13|counter_mod_M:count1|Q[0]'
Slack : -0.121
TNS   : -0.121

Type  : Fast 1100mV 85C Model Setup 'delay:ex17|counter_mod_M:count1|Q[0]'
Slack : -0.076
TNS   : -0.150

Type  : Fast 1100mV 85C Model Hold 'delay:ex10|counter_mod_M:count1|Q[0]'
Slack : 0.063
TNS   : 0.000

Type  : Fast 1100mV 85C Model Hold 'delay:ex14|counter_mod_M:count1|Q[0]'
Slack : 0.069
TNS   : 0.000

Type  : Fast 1100mV 85C Model Hold 'delay:ex11|counter_mod_M:count1|Q[0]'
Slack : 0.085
TNS   : 0.000

Type  : Fast 1100mV 85C Model Hold 'delay:ex17|counter_mod_M:count1|Q[0]'
Slack : 0.147
TNS   : 0.000

Type  : Fast 1100mV 85C Model Hold 'delay:ex12|counter_mod_M:count1|Q[0]'
Slack : 0.153
TNS   : 0.000

Type  : Fast 1100mV 85C Model Hold 'delay:ex13|counter_mod_M:count1|Q[0]'
Slack : 0.157
TNS   : 0.000

Type  : Fast 1100mV 85C Model Hold 'CLOCK_50'
Slack : 0.218
TNS   : 0.000

Type  : Fast 1100mV 85C Model Hold 'delay:ex16|counter_mod_M:count1|Q[0]'
Slack : 0.246
TNS   : 0.000

Type  : Fast 1100mV 85C Model Hold 'delay:ex15|counter_mod_M:count1|Q[0]'
Slack : 0.252
TNS   : 0.000

Type  : Fast 1100mV 85C Model Minimum Pulse Width 'CLOCK_50'
Slack : -0.488
TNS   : -29.525

Type  : Fast 1100mV 85C Model Minimum Pulse Width 'delay:ex10|counter_mod_M:count1|Q[0]'
Slack : 0.066
TNS   : 0.000

Type  : Fast 1100mV 85C Model Minimum Pulse Width 'delay:ex14|counter_mod_M:count1|Q[0]'
Slack : 0.107
TNS   : 0.000

Type  : Fast 1100mV 85C Model Minimum Pulse Width 'delay:ex11|counter_mod_M:count1|Q[0]'
Slack : 0.115
TNS   : 0.000

Type  : Fast 1100mV 85C Model Minimum Pulse Width 'delay:ex12|counter_mod_M:count1|Q[0]'
Slack : 0.119
TNS   : 0.000

Type  : Fast 1100mV 85C Model Minimum Pulse Width 'delay:ex13|counter_mod_M:count1|Q[0]'
Slack : 0.119
TNS   : 0.000

Type  : Fast 1100mV 85C Model Minimum Pulse Width 'delay:ex16|counter_mod_M:count1|Q[0]'
Slack : 0.128
TNS   : 0.000

Type  : Fast 1100mV 85C Model Minimum Pulse Width 'delay:ex17|counter_mod_M:count1|Q[0]'
Slack : 0.137
TNS   : 0.000

Type  : Fast 1100mV 85C Model Minimum Pulse Width 'delay:ex15|counter_mod_M:count1|Q[0]'
Slack : 0.160
TNS   : 0.000

Type  : Fast 1100mV 0C Model Setup 'CLOCK_50'
Slack : -2.425
TNS   : -286.007

Type  : Fast 1100mV 0C Model Setup 'delay:ex10|counter_mod_M:count1|Q[0]'
Slack : -0.128
TNS   : -0.128

Type  : Fast 1100mV 0C Model Setup 'delay:ex11|counter_mod_M:count1|Q[0]'
Slack : -0.112
TNS   : -0.112

Type  : Fast 1100mV 0C Model Setup 'delay:ex15|counter_mod_M:count1|Q[0]'
Slack : -0.082
TNS   : -0.082

Type  : Fast 1100mV 0C Model Setup 'delay:ex14|counter_mod_M:count1|Q[0]'
Slack : -0.078
TNS   : -0.078

Type  : Fast 1100mV 0C Model Setup 'delay:ex16|counter_mod_M:count1|Q[0]'
Slack : -0.077
TNS   : -0.154

Type  : Fast 1100mV 0C Model Setup 'delay:ex13|counter_mod_M:count1|Q[0]'
Slack : -0.064
TNS   : -0.064

Type  : Fast 1100mV 0C Model Setup 'delay:ex12|counter_mod_M:count1|Q[0]'
Slack : -0.062
TNS   : -0.062

Type  : Fast 1100mV 0C Model Setup 'delay:ex17|counter_mod_M:count1|Q[0]'
Slack : -0.023
TNS   : -0.045

Type  : Fast 1100mV 0C Model Hold 'delay:ex14|counter_mod_M:count1|Q[0]'
Slack : 0.066
TNS   : 0.000

Type  : Fast 1100mV 0C Model Hold 'delay:ex10|counter_mod_M:count1|Q[0]'
Slack : 0.069
TNS   : 0.000

Type  : Fast 1100mV 0C Model Hold 'delay:ex11|counter_mod_M:count1|Q[0]'
Slack : 0.078
TNS   : 0.000

Type  : Fast 1100mV 0C Model Hold 'delay:ex17|counter_mod_M:count1|Q[0]'
Slack : 0.134
TNS   : 0.000

Type  : Fast 1100mV 0C Model Hold 'delay:ex12|counter_mod_M:count1|Q[0]'
Slack : 0.139
TNS   : 0.000

Type  : Fast 1100mV 0C Model Hold 'delay:ex13|counter_mod_M:count1|Q[0]'
Slack : 0.144
TNS   : 0.000

Type  : Fast 1100mV 0C Model Hold 'CLOCK_50'
Slack : 0.201
TNS   : 0.000

Type  : Fast 1100mV 0C Model Hold 'delay:ex16|counter_mod_M:count1|Q[0]'
Slack : 0.233
TNS   : 0.000

Type  : Fast 1100mV 0C Model Hold 'delay:ex15|counter_mod_M:count1|Q[0]'
Slack : 0.238
TNS   : 0.000

Type  : Fast 1100mV 0C Model Minimum Pulse Width 'CLOCK_50'
Slack : -0.488
TNS   : -29.546

Type  : Fast 1100mV 0C Model Minimum Pulse Width 'delay:ex10|counter_mod_M:count1|Q[0]'
Slack : 0.086
TNS   : 0.000

Type  : Fast 1100mV 0C Model Minimum Pulse Width 'delay:ex14|counter_mod_M:count1|Q[0]'
Slack : 0.096
TNS   : 0.000

Type  : Fast 1100mV 0C Model Minimum Pulse Width 'delay:ex11|counter_mod_M:count1|Q[0]'
Slack : 0.109
TNS   : 0.000

Type  : Fast 1100mV 0C Model Minimum Pulse Width 'delay:ex16|counter_mod_M:count1|Q[0]'
Slack : 0.124
TNS   : 0.000

Type  : Fast 1100mV 0C Model Minimum Pulse Width 'delay:ex12|counter_mod_M:count1|Q[0]'
Slack : 0.140
TNS   : 0.000

Type  : Fast 1100mV 0C Model Minimum Pulse Width 'delay:ex13|counter_mod_M:count1|Q[0]'
Slack : 0.140
TNS   : 0.000

Type  : Fast 1100mV 0C Model Minimum Pulse Width 'delay:ex15|counter_mod_M:count1|Q[0]'
Slack : 0.149
TNS   : 0.000

Type  : Fast 1100mV 0C Model Minimum Pulse Width 'delay:ex17|counter_mod_M:count1|Q[0]'
Slack : 0.154
TNS   : 0.000

------------------------------------------------------------
